time=2025-08-20T00:33:54.942+01:00 level=INFO msg="Sending message" data="{\"type\":\"send\",\"username\":\"dnf\",\"content\":\"this\",\"timestamp\":\"2025-08-20T00:33:54.942573+01:00\"}\n\n"
time=2025-08-20T00:33:54.943+01:00 level=DEBUG msg="Received network message" msg="{Type:send Username:dnf Content:this Timestamp:2025-08-20 00:33:54.942573 +0100 WEST}"
time=2025-08-20T00:33:54.943+01:00 level=DEBUG msg="Validated a new event" event="{Type:send Username:dnf Action:send Content:this Timestamp:2025-08-20 00:33:54.942573 +0100 WEST RoomName:}" UserId=1 Username=dnf
time=2025-08-20T00:33:54.943+01:00 level=DEBUG msg="Validated event has valid user state" event="{Type:send Username:dnf Action:send Content:this Timestamp:2025-08-20 00:33:54.942573 +0100 WEST RoomName:main}" UserId=1 Username=dnf
time=2025-08-20T00:33:54.943+01:00 level=DEBUG msg="Writting a valid msg to conn:" msg="{Type:send Username:dnf Content:this Timestamp:2025-08-20 00:33:54.942573 +0100 WEST}" UserID=2 username=mega
time=2025-08-20T00:33:54.944+01:00 level=INFO msg="Received message" type=send username=dnf content=this
time=2025-08-20T00:33:57.547+01:00 level=INFO msg="Sending message" data="{\"type\":\"send\",\"username\":\"dnf\",\"content\":\"and that\",\"timestamp\":\"2025-08-20T00:33:57.547309+01:00\"}\n\n"
time=2025-08-20T00:33:57.547+01:00 level=DEBUG msg="Received network message" msg="{Type:send Username:dnf Content:and that Timestamp:2025-08-20 00:33:57.547309 +0100 WEST}"
time=2025-08-20T00:33:57.547+01:00 level=DEBUG msg="Validated a new event" event="{Type:send Username:dnf Action:send Content:and that Timestamp:2025-08-20 00:33:57.547309 +0100 WEST RoomName:}" UserId=1 Username=dnf
time=2025-08-20T00:33:57.547+01:00 level=DEBUG msg="Validated event has valid user state" event="{Type:send Username:dnf Action:send Content:and that Timestamp:2025-08-20 00:33:57.547309 +0100 WEST RoomName:main}" UserId=1 Username=dnf
time=2025-08-20T00:33:57.547+01:00 level=DEBUG msg="Writting a valid msg to conn:" msg="{Type:send Username:dnf Content:and that Timestamp:2025-08-20 00:33:57.547309 +0100 WEST}" UserID=2 username=mega
time=2025-08-20T00:33:57.548+01:00 level=INFO msg="Received message" type=send username=dnf content="and that"
time=2025-08-20T00:34:00.212+01:00 level=INFO msg="Sending message" data="{\"type\":\"send\",\"username\":\"mega\",\"content\":\"ok my man\",\"timestamp\":\"2025-08-20T00:34:00.212611+01:00\"}\n\n"
time=2025-08-20T00:34:00.213+01:00 level=DEBUG msg="Received network message" msg="{Type:send Username:mega Content:ok my man Timestamp:2025-08-20 00:34:00.212611 +0100 WEST}"
time=2025-08-20T00:34:00.213+01:00 level=DEBUG msg="Validated a new event" event="{Type:send Username:mega Action:send Content:ok my man Timestamp:2025-08-20 00:34:00.212611 +0100 WEST RoomName:}" UserId=2 Username=mega
time=2025-08-20T00:34:00.213+01:00 level=DEBUG msg="Validated event has valid user state" event="{Type:send Username:mega Action:send Content:ok my man Timestamp:2025-08-20 00:34:00.212611 +0100 WEST RoomName:main}" UserId=2 Username=mega
time=2025-08-20T00:34:00.213+01:00 level=DEBUG msg="Writting a valid msg to conn:" msg="{Type:send Username:mega Content:ok my man Timestamp:2025-08-20 00:34:00.212611 +0100 WEST}" UserID=1 username=dnf
time=2025-08-20T00:34:00.213+01:00 level=INFO msg="Received message" type=send username=mega content="ok my man"
time=2025-08-21T16:59:19.160+01:00 level=INFO msg="Sending message" data="{\"type\":\"send\",\"username\":\"mega\",\"content\":\"this\",\"timestamp\":\"2025-08-21T16:59:19.158104+01:00\"}\n\n"
time=2025-08-21T16:59:19.162+01:00 level=DEBUG msg="Received network message" msg="{Type:send Username:mega Content:this Timestamp:2025-08-21 16:59:19.158104 +0100 WEST}"
time=2025-08-21T16:59:19.162+01:00 level=DEBUG msg="Validated a new event" event="{Type:send Username:mega Action:send Content:this Timestamp:2025-08-21 16:59:19.158104 +0100 WEST RoomName:}" UserId=2 Username=mega
time=2025-08-21T16:59:19.162+01:00 level=DEBUG msg="Validated event has valid user state" event="{Type:send Username:mega Action:send Content:this Timestamp:2025-08-21 16:59:19.158104 +0100 WEST RoomName:main}" UserId=2 Username=mega
time=2025-08-21T16:59:19.163+01:00 level=DEBUG msg="Writting a valid msg to conn:" msg="{Type:send Username:mega Content:this Timestamp:2025-08-21 16:59:19.158104 +0100 WEST}" UserID=1 username=dnf
time=2025-08-21T16:59:19.164+01:00 level=INFO msg="Received message" type=send username=mega content=this
time=2025-08-21T16:59:22.121+01:00 level=INFO msg="Sending message" data="{\"type\":\"send\",\"username\":\"mega\",\"content\":\"is the end\",\"timestamp\":\"2025-08-21T16:59:22.121302+01:00\"}\n\n"
time=2025-08-21T16:59:22.122+01:00 level=DEBUG msg="Received network message" msg="{Type:send Username:mega Content:is the end Timestamp:2025-08-21 16:59:22.121302 +0100 WEST}"
time=2025-08-21T16:59:22.123+01:00 level=DEBUG msg="Validated a new event" event="{Type:send Username:mega Action:send Content:is the end Timestamp:2025-08-21 16:59:22.121302 +0100 WEST RoomName:}" UserId=2 Username=mega
time=2025-08-21T16:59:22.123+01:00 level=DEBUG msg="Validated event has valid user state" event="{Type:send Username:mega Action:send Content:is the end Timestamp:2025-08-21 16:59:22.121302 +0100 WEST RoomName:main}" UserId=2 Username=mega
time=2025-08-21T16:59:22.123+01:00 level=DEBUG msg="Writting a valid msg to conn:" msg="{Type:send Username:mega Content:is the end Timestamp:2025-08-21 16:59:22.121302 +0100 WEST}" UserID=1 username=dnf
time=2025-08-21T16:59:22.123+01:00 level=INFO msg="Received message" type=send username=mega content="is the end"
time=2025-08-21T16:59:28.486+01:00 level=INFO msg="Sending message" data="{\"type\":\"send\",\"username\":\"mega\",\"content\":\"this\",\"timestamp\":\"2025-08-21T16:59:28.48644+01:00\"}\n\n"
time=2025-08-21T16:59:28.487+01:00 level=DEBUG msg="Received network message" msg="{Type:send Username:mega Content:this Timestamp:2025-08-21 16:59:28.48644 +0100 WEST}"
time=2025-08-21T16:59:28.487+01:00 level=DEBUG msg="Validated a new event" event="{Type:send Username:mega Action:send Content:this Timestamp:2025-08-21 16:59:28.48644 +0100 WEST RoomName:}" UserId=2 Username=mega
time=2025-08-21T16:59:28.487+01:00 level=DEBUG msg="Validated event has valid user state" event="{Type:send Username:mega Action:send Content:this Timestamp:2025-08-21 16:59:28.48644 +0100 WEST RoomName:main}" UserId=2 Username=mega
time=2025-08-21T16:59:28.487+01:00 level=DEBUG msg="Writting a valid msg to conn:" msg="{Type:send Username:mega Content:this Timestamp:2025-08-21 16:59:28.48644 +0100 WEST}" UserID=1 username=dnf
time=2025-08-21T16:59:28.487+01:00 level=INFO msg="Received message" type=send username=mega content=this
time=2025-08-21T16:59:44.203+01:00 level=INFO msg="Sending message" data="{\"type\":\"joined\",\"username\":\"mega\",\"content\":\"/join main\",\"timestamp\":\"2025-08-21T16:59:44.202971+01:00\"}\n\n"
time=2025-08-21T16:59:44.204+01:00 level=DEBUG msg="Received network message" msg="{Type:joined Username:mega Content:/join main Timestamp:2025-08-21 16:59:44.202971 +0100 WEST}"
time=2025-08-21T16:59:44.205+01:00 level=DEBUG msg="Validated a new event" event="{Type:joined Username:mega Action:joined Content:main Timestamp:2025-08-21 16:59:44.202971 +0100 WEST RoomName:}" UserId=2 Username=mega
time=2025-08-21T16:59:44.205+01:00 level=DEBUG msg="Validated event has valid user state" event="{Type: Username: Action: Content: Timestamp:0001-01-01 00:00:00 +0000 UTC RoomName:}" UserId=2 Username=mega
time=2025-08-21T16:59:44.205+01:00 level=DEBUG msg="Writting an error msg to conn:" msg="{Type:error Username:mega Content:User already in a room, to join another leave the current one: /leave Timestamp:2025-08-21 16:59:44.205283 +0100 WEST m=+8676.933694709}" UserID=2 username=mega
time=2025-08-21T16:59:44.205+01:00 level=DEBUG msg="Room %v does not exist" !BADKEY=""
time=2025-08-21T16:59:44.205+01:00 level=INFO msg="Received message" type=error username=mega content="User already in a room, to join another leave the current one: /leave"
time=2025-08-21T17:01:37.364+01:00 level=INFO msg="Sending message" data="{\"type\":\"joined\",\"username\":\"mega\",\"content\":\"/join main\",\"timestamp\":\"2025-08-21T17:01:37.363991+01:00\"}\n\n"
time=2025-08-21T17:01:37.366+01:00 level=DEBUG msg="Received network message" msg="{Type:joined Username:mega Content:/join main Timestamp:2025-08-21 17:01:37.363991 +0100 WEST}"
time=2025-08-21T17:01:37.366+01:00 level=DEBUG msg="Validated a new event" event="{Type:joined Username:mega Action:joined Content:main Timestamp:2025-08-21 17:01:37.363991 +0100 WEST RoomName:}" UserId=2 Username=mega
time=2025-08-21T17:01:37.366+01:00 level=DEBUG msg="Validated event has valid user state" event="{Type: Username: Action: Content: Timestamp:0001-01-01 00:00:00 +0000 UTC RoomName:}" UserId=2 Username=mega
time=2025-08-21T17:01:37.366+01:00 level=DEBUG msg="Writting an error msg to conn:" msg="{Type:error Username:mega Content:User already in a room, to join another leave the current one: /leave Timestamp:2025-08-21 17:01:37.366538 +0100 WEST m=+8790.094016209}" UserID=2 username=mega
time=2025-08-21T17:01:37.366+01:00 level=DEBUG msg="Room %v does not exist" !BADKEY=""
time=2025-08-21T17:01:37.366+01:00 level=INFO msg="Received message" type=error username=mega content="User already in a room, to join another leave the current one: /leave"
time=2025-08-21T17:01:39.887+01:00 level=INFO msg="Sending message" data="{\"type\":\"send\",\"username\":\"mega\",\"content\":\"this\",\"timestamp\":\"2025-08-21T17:01:39.887492+01:00\"}\n\n"
time=2025-08-21T17:01:39.887+01:00 level=DEBUG msg="Received network message" msg="{Type:send Username:mega Content:this Timestamp:2025-08-21 17:01:39.887492 +0100 WEST}"
time=2025-08-21T17:01:39.888+01:00 level=DEBUG msg="Validated a new event" event="{Type:send Username:mega Action:send Content:this Timestamp:2025-08-21 17:01:39.887492 +0100 WEST RoomName:}" UserId=2 Username=mega
time=2025-08-21T17:01:39.888+01:00 level=DEBUG msg="Validated event has valid user state" event="{Type:send Username:mega Action:send Content:this Timestamp:2025-08-21 17:01:39.887492 +0100 WEST RoomName:main}" UserId=2 Username=mega
time=2025-08-21T17:01:39.888+01:00 level=DEBUG msg="Writting a valid msg to conn:" msg="{Type:send Username:mega Content:this Timestamp:2025-08-21 17:01:39.887492 +0100 WEST}" UserID=1 username=dnf
time=2025-08-21T17:01:39.888+01:00 level=INFO msg="Received message" type=send username=mega content=this
time=2025-08-21T17:01:42.270+01:00 level=INFO msg="Sending message" data="{\"type\":\"send\",\"username\":\"mega\",\"content\":\"hello\",\"timestamp\":\"2025-08-21T17:01:42.269986+01:00\"}\n\n"
time=2025-08-21T17:01:42.270+01:00 level=DEBUG msg="Received network message" msg="{Type:send Username:mega Content:hello Timestamp:2025-08-21 17:01:42.269986 +0100 WEST}"
time=2025-08-21T17:01:42.270+01:00 level=DEBUG msg="Validated a new event" event="{Type:send Username:mega Action:send Content:hello Timestamp:2025-08-21 17:01:42.269986 +0100 WEST RoomName:}" UserId=2 Username=mega
time=2025-08-21T17:01:42.270+01:00 level=DEBUG msg="Validated event has valid user state" event="{Type:send Username:mega Action:send Content:hello Timestamp:2025-08-21 17:01:42.269986 +0100 WEST RoomName:main}" UserId=2 Username=mega
time=2025-08-21T17:01:42.270+01:00 level=DEBUG msg="Writting a valid msg to conn:" msg="{Type:send Username:mega Content:hello Timestamp:2025-08-21 17:01:42.269986 +0100 WEST}" UserID=1 username=dnf
time=2025-08-21T17:01:42.270+01:00 level=INFO msg="Received message" type=send username=mega content=hello
time=2025-08-21T17:04:23.671+01:00 level=INFO msg="Error reading from connection: %s\n" !BADKEY="read tcp4 127.0.0.1:8088->127.0.0.1:57114: read: connection reset by peer"
time=2025-08-21T17:04:23.672+01:00 level=DEBUG msg="Validated a new event" event="{Type: Username: Action: Content: Timestamp:0001-01-01 00:00:00 +0000 UTC RoomName:}" UserId=1 Username=dnf
time=2025-08-21T17:04:23.672+01:00 level=DEBUG msg="Writting an error msg to conn:" msg="{Type:error Username:dnf Content:Failed to parse message content into server Event Timestamp:2025-08-21 17:04:23.672512 +0100 WEST m=+8956.400020584}" UserID=1 username=dnf
time=2025-08-21T17:04:24.508+01:00 level=INFO msg="Error reading from connection: %s\n" !BADKEY="read tcp4 127.0.0.1:8088->127.0.0.1:57115: read: connection reset by peer"
time=2025-08-21T17:04:24.508+01:00 level=DEBUG msg="Validated a new event" event="{Type: Username: Action: Content: Timestamp:0001-01-01 00:00:00 +0000 UTC RoomName:}" UserId=2 Username=mega
time=2025-08-21T17:04:24.508+01:00 level=DEBUG msg="Writting an error msg to conn:" msg="{Type:error Username:mega Content:Failed to parse message content into server Event Timestamp:2025-08-21 17:04:24.508804 +0100 WEST m=+8957.236312626}" UserID=2 username=mega
time=2025-08-21T17:04:39.965+01:00 level=DEBUG msg="Received network message" msg="{Type:send Username:mega2 Content:this Timestamp:2025-08-21 17:04:39.964594 +0100 WEST}"
time=2025-08-21T17:04:39.967+01:00 level=DEBUG msg="Validated a new event" event="{Type:send Username:mega2 Action:send Content:this Timestamp:2025-08-21 17:04:39.964594 +0100 WEST RoomName:}" UserId=4 Username=mega2
time=2025-08-21T17:04:39.967+01:00 level=DEBUG msg="Validated event has valid user state" event="{Type: Username: Action: Content: Timestamp:0001-01-01 00:00:00 +0000 UTC RoomName:}" UserId=4 Username=mega2
time=2025-08-21T17:04:39.967+01:00 level=DEBUG msg="Writting an error msg to conn:" msg="{Type:error Username:mega2 Content:User not in room, so can't send a message Timestamp:2025-08-21 17:04:39.967234 +0100 WEST m=+8972.694745168}" UserID=4 username=mega2
time=2025-08-21T17:04:39.967+01:00 level=DEBUG msg="Room %v does not exist" !BADKEY=""
time=2025-08-21T17:04:43.490+01:00 level=DEBUG msg="Received network message" msg="{Type:joined Username:mega2 Content:/join main Timestamp:2025-08-21 17:04:43.489636 +0100 WEST}"
time=2025-08-21T17:04:43.491+01:00 level=DEBUG msg="Validated a new event" event="{Type:joined Username:mega2 Action:joined Content:main Timestamp:2025-08-21 17:04:43.489636 +0100 WEST RoomName:}" UserId=4 Username=mega2
time=2025-08-21T17:04:43.491+01:00 level=DEBUG msg="Validated event has valid user state" event="{Type:joined Username:mega2 Action:joined Content:main Timestamp:2025-08-21 17:04:43.489636 +0100 WEST RoomName:main}" UserId=4 Username=mega2
time=2025-08-21T17:04:46.302+01:00 level=DEBUG msg="Received network message" msg="{Type:joined Username:mega Content:/join main Timestamp:2025-08-21 17:04:46.302048 +0100 WEST}"
time=2025-08-21T17:04:46.302+01:00 level=DEBUG msg="Validated a new event" event="{Type:joined Username:mega Action:joined Content:main Timestamp:2025-08-21 17:04:46.302048 +0100 WEST RoomName:}" UserId=3 Username=mega
time=2025-08-21T17:04:46.302+01:00 level=DEBUG msg="Validated event has valid user state" event="{Type:joined Username:mega Action:joined Content:main Timestamp:2025-08-21 17:04:46.302048 +0100 WEST RoomName:main}" UserId=3 Username=mega
time=2025-08-21T17:04:46.302+01:00 level=DEBUG msg="Writting a valid msg to conn:" msg="{Type:joined Username:mega Content:mega joined Room main Timestamp:2025-08-21 17:04:46.302048 +0100 WEST}" UserID=4 username=mega2
time=2025-08-21T17:04:48.101+01:00 level=DEBUG msg="Received network message" msg="{Type:send Username:mega Content:this Timestamp:2025-08-21 17:04:48.100555 +0100 WEST}"
time=2025-08-21T17:04:48.101+01:00 level=DEBUG msg="Validated a new event" event="{Type:send Username:mega Action:send Content:this Timestamp:2025-08-21 17:04:48.100555 +0100 WEST RoomName:}" UserId=3 Username=mega
time=2025-08-21T17:04:48.101+01:00 level=DEBUG msg="Validated event has valid user state" event="{Type:send Username:mega Action:send Content:this Timestamp:2025-08-21 17:04:48.100555 +0100 WEST RoomName:main}" UserId=3 Username=mega
time=2025-08-21T17:04:48.101+01:00 level=DEBUG msg="Writting a valid msg to conn:" msg="{Type:send Username:mega Content:this Timestamp:2025-08-21 17:04:48.100555 +0100 WEST}" UserID=4 username=mega2
time=2025-08-21T17:04:51.504+01:00 level=DEBUG msg="Received network message" msg="{Type:send Username:mega Content:hello im mega Timestamp:2025-08-21 17:04:51.502067 +0100 WEST}"
time=2025-08-21T17:04:51.504+01:00 level=DEBUG msg="Validated a new event" event="{Type:send Username:mega Action:send Content:hello im mega Timestamp:2025-08-21 17:04:51.502067 +0100 WEST RoomName:}" UserId=3 Username=mega
time=2025-08-21T17:04:51.504+01:00 level=DEBUG msg="Validated event has valid user state" event="{Type:send Username:mega Action:send Content:hello im mega Timestamp:2025-08-21 17:04:51.502067 +0100 WEST RoomName:main}" UserId=3 Username=mega
time=2025-08-21T17:04:51.504+01:00 level=DEBUG msg="Writting a valid msg to conn:" msg="{Type:send Username:mega Content:hello im mega Timestamp:2025-08-21 17:04:51.502067 +0100 WEST}" UserID=4 username=mega2
time=2025-08-21T17:08:00.566+01:00 level=DEBUG msg="Received network message" msg="{Type:joined Username:mega Content:/join main Timestamp:2025-08-21 17:08:00.5666 +0100 WEST}"
time=2025-08-21T17:08:00.567+01:00 level=DEBUG msg="Validated a new event" event="{Type:joined Username:mega Action:joined Content:main Timestamp:2025-08-21 17:08:00.5666 +0100 WEST RoomName:}" UserId=6 Username=mega
time=2025-08-21T17:08:00.567+01:00 level=DEBUG msg="Validated event has valid user state" event="{Type:joined Username:mega Action:joined Content:main Timestamp:2025-08-21 17:08:00.5666 +0100 WEST RoomName:main}" UserId=6 Username=mega
time=2025-08-21T17:08:00.567+01:00 level=DEBUG msg="Writting a valid msg to conn:" msg="{Type:joined Username:mega Content:mega joined Room main Timestamp:2025-08-21 17:08:00.5666 +0100 WEST}" UserID=3 username=mega
time=2025-08-21T17:08:00.567+01:00 level=DEBUG msg="Writting a valid msg to conn:" msg="{Type:joined Username:mega Content:mega joined Room main Timestamp:2025-08-21 17:08:00.5666 +0100 WEST}" UserID=4 username=mega2
time=2025-08-21T17:08:00.568+01:00 level=INFO msg="Error reading from connection: %s\n" !BADKEY="read tcp4 127.0.0.1:8088->127.0.0.1:65224: read: connection reset by peer"
time=2025-08-21T17:08:00.568+01:00 level=INFO msg="Error reading from connection: %s\n" !BADKEY="read tcp4 127.0.0.1:8088->127.0.0.1:65226: read: connection reset by peer"
time=2025-08-21T17:08:00.568+01:00 level=DEBUG msg="Validated a new event" event="{Type: Username: Action: Content: Timestamp:0001-01-01 00:00:00 +0000 UTC RoomName:}" UserId=4 Username=mega2
time=2025-08-21T17:08:00.568+01:00 level=DEBUG msg="Writting an error msg to conn:" msg="{Type:error Username:mega2 Content:Failed to parse message content into server Event Timestamp:2025-08-21 17:08:00.568221 +0100 WEST m=+9173.295770084}" UserID=4 username=mega2
time=2025-08-21T17:08:00.568+01:00 level=DEBUG msg="Validated a new event" event="{Type: Username: Action: Content: Timestamp:0001-01-01 00:00:00 +0000 UTC RoomName:}" UserId=3 Username=mega
time=2025-08-21T17:08:00.568+01:00 level=DEBUG msg="Writting an error msg to conn:" msg="{Type:error Username:mega Content:Failed to parse message content into server Event Timestamp:2025-08-21 17:08:00.568261 +0100 WEST m=+9173.295809626}" UserID=3 username=mega
time=2025-08-21T17:08:03.213+01:00 level=DEBUG msg="Received network message" msg="{Type:joined Username:mega2 Content:/join main Timestamp:2025-08-21 17:08:03.21241 +0100 WEST}"
time=2025-08-21T17:08:03.213+01:00 level=DEBUG msg="Validated a new event" event="{Type:joined Username:mega2 Action:joined Content:main Timestamp:2025-08-21 17:08:03.21241 +0100 WEST RoomName:}" UserId=5 Username=mega2
time=2025-08-21T17:08:03.213+01:00 level=DEBUG msg="Validated event has valid user state" event="{Type:joined Username:mega2 Action:joined Content:main Timestamp:2025-08-21 17:08:03.21241 +0100 WEST RoomName:main}" UserId=5 Username=mega2
time=2025-08-21T17:08:03.213+01:00 level=DEBUG msg="Writting a valid msg to conn:" msg="{Type:joined Username:mega2 Content:mega2 joined Room main Timestamp:2025-08-21 17:08:03.21241 +0100 WEST}" UserID=6 username=mega
time=2025-08-21T17:08:04.054+01:00 level=DEBUG msg="Received network message" msg="{Type:send Username:mega2 Content:this Timestamp:2025-08-21 17:08:04.054039 +0100 WEST}"
time=2025-08-21T17:08:04.054+01:00 level=DEBUG msg="Validated a new event" event="{Type:send Username:mega2 Action:send Content:this Timestamp:2025-08-21 17:08:04.054039 +0100 WEST RoomName:}" UserId=5 Username=mega2
time=2025-08-21T17:08:04.054+01:00 level=DEBUG msg="Validated event has valid user state" event="{Type:send Username:mega2 Action:send Content:this Timestamp:2025-08-21 17:08:04.054039 +0100 WEST RoomName:main}" UserId=5 Username=mega2
time=2025-08-21T17:08:04.054+01:00 level=DEBUG msg="Writting a valid msg to conn:" msg="{Type:send Username:mega2 Content:this Timestamp:2025-08-21 17:08:04.054039 +0100 WEST}" UserID=6 username=mega
time=2025-08-21T17:08:07.393+01:00 level=DEBUG msg="Received network message" msg="{Type:send Username:mega2 Content:hello my man Timestamp:2025-08-21 17:08:07.392918 +0100 WEST}"
time=2025-08-21T17:08:07.393+01:00 level=DEBUG msg="Validated a new event" event="{Type:send Username:mega2 Action:send Content:hello my man Timestamp:2025-08-21 17:08:07.392918 +0100 WEST RoomName:}" UserId=5 Username=mega2
time=2025-08-21T17:08:07.393+01:00 level=DEBUG msg="Validated event has valid user state" event="{Type:send Username:mega2 Action:send Content:hello my man Timestamp:2025-08-21 17:08:07.392918 +0100 WEST RoomName:main}" UserId=5 Username=mega2
time=2025-08-21T17:08:07.393+01:00 level=DEBUG msg="Writting a valid msg to conn:" msg="{Type:send Username:mega2 Content:hello my man Timestamp:2025-08-21 17:08:07.392918 +0100 WEST}" UserID=6 username=mega
time=2025-08-21T17:08:10.517+01:00 level=DEBUG msg="Received network message" msg="{Type:send Username:mega Content:hello girly Timestamp:2025-08-21 17:08:10.517348 +0100 WEST}"
time=2025-08-21T17:08:10.518+01:00 level=DEBUG msg="Validated a new event" event="{Type:send Username:mega Action:send Content:hello girly Timestamp:2025-08-21 17:08:10.517348 +0100 WEST RoomName:}" UserId=6 Username=mega
time=2025-08-21T17:08:10.518+01:00 level=DEBUG msg="Validated event has valid user state" event="{Type:send Username:mega Action:send Content:hello girly Timestamp:2025-08-21 17:08:10.517348 +0100 WEST RoomName:main}" UserId=6 Username=mega
time=2025-08-21T17:08:10.518+01:00 level=DEBUG msg="Writting a valid msg to conn:" msg="{Type:send Username:mega Content:hello girly Timestamp:2025-08-21 17:08:10.517348 +0100 WEST}" UserID=5 username=mega2
time=2025-08-21T17:08:13.513+01:00 level=DEBUG msg="Received network message" msg="{Type:joined Username:mega Content:/leave Timestamp:2025-08-21 17:08:13.513495 +0100 WEST}"
time=2025-08-21T17:08:13.514+01:00 level=DEBUG msg="Validated a new event" event="{Type: Username: Action: Content: Timestamp:0001-01-01 00:00:00 +0000 UTC RoomName:}" UserId=6 Username=mega
time=2025-08-21T17:08:13.514+01:00 level=DEBUG msg="Writting an error msg to conn:" msg="{Type:error Username:mega Content:Failed to parse message content into server Event Timestamp:2025-08-21 17:08:13.514116 +0100 WEST m=+9186.241667084}" UserID=6 username=mega
time=2025-08-21T17:08:13.514+01:00 level=DEBUG msg="Writting an error msg to conn:" msg="{Type:error Username:mega Content:The other message types are not supported Timestamp:2025-08-21 17:08:13.514189 +0100 WEST m=+9186.241740084}" UserID=6 username=mega
time=2025-08-21T17:08:13.514+01:00 level=DEBUG msg="Validated event has valid user state" event="{Type: Username: Action: Content: Timestamp:0001-01-01 00:00:00 +0000 UTC RoomName:}" UserId=6 Username=mega
time=2025-08-21T17:08:13.514+01:00 level=DEBUG msg="Room %v does not exist" !BADKEY=""
time=2025-08-21T17:09:20.899+01:00 level=INFO msg="Error reading from connection: %s\n" !BADKEY="read tcp4 127.0.0.1:8088->127.0.0.1:65252: read: connection reset by peer"
time=2025-08-21T17:09:20.899+01:00 level=DEBUG msg="Validated a new event" event="{Type: Username: Action: Content: Timestamp:0001-01-01 00:00:00 +0000 UTC RoomName:}" UserId=6 Username=mega
time=2025-08-21T17:09:20.899+01:00 level=DEBUG msg="Writting an error msg to conn:" msg="{Type:error Username:mega Content:Failed to parse message content into server Event Timestamp:2025-08-21 17:09:20.899843 +0100 WEST m=+9253.627406626}" UserID=6 username=mega
time=2025-08-21T17:10:28.121+01:00 level=DEBUG msg="Received network message" msg="{Type:joined Username:mega22 Content:/join main Timestamp:2025-08-21 17:10:28.121055 +0100 WEST}"
time=2025-08-21T17:10:28.122+01:00 level=DEBUG msg="Validated a new event" event="{Type:joined Username:mega22 Action:joined Content:main Timestamp:2025-08-21 17:10:28.121055 +0100 WEST RoomName:}" UserId=8 Username=mega22
time=2025-08-21T17:10:28.122+01:00 level=DEBUG msg="Validated event has valid user state" event="{Type:joined Username:mega22 Action:joined Content:main Timestamp:2025-08-21 17:10:28.121055 +0100 WEST RoomName:main}" UserId=8 Username=mega22
time=2025-08-21T17:10:28.122+01:00 level=DEBUG msg="Writting a valid msg to conn:" msg="{Type:joined Username:mega22 Content:mega22 joined Room main Timestamp:2025-08-21 17:10:28.121055 +0100 WEST}" UserID=5 username=mega2
time=2025-08-21T17:10:28.122+01:00 level=INFO msg="Error reading from connection: %s\n" !BADKEY="read tcp4 127.0.0.1:8088->127.0.0.1:65250: read: connection reset by peer"
time=2025-08-21T17:10:28.122+01:00 level=DEBUG msg="Validated a new event" event="{Type: Username: Action: Content: Timestamp:0001-01-01 00:00:00 +0000 UTC RoomName:}" UserId=5 Username=mega2
time=2025-08-21T17:10:28.122+01:00 level=DEBUG msg="Writting an error msg to conn:" msg="{Type:error Username:mega2 Content:Failed to parse message content into server Event Timestamp:2025-08-21 17:10:28.1223 +0100 WEST m=+9320.849875959}" UserID=5 username=mega2
time=2025-08-21T17:10:30.982+01:00 level=DEBUG msg="Received network message" msg="{Type:joined Username:mega Content:/join main Timestamp:2025-08-21 17:10:30.981659 +0100 WEST}"
time=2025-08-21T17:10:30.982+01:00 level=DEBUG msg="Validated a new event" event="{Type:joined Username:mega Action:joined Content:main Timestamp:2025-08-21 17:10:30.981659 +0100 WEST RoomName:}" UserId=7 Username=mega
time=2025-08-21T17:10:30.982+01:00 level=DEBUG msg="Validated event has valid user state" event="{Type:joined Username:mega Action:joined Content:main Timestamp:2025-08-21 17:10:30.981659 +0100 WEST RoomName:main}" UserId=7 Username=mega
time=2025-08-21T17:10:30.982+01:00 level=DEBUG msg="Writting a valid msg to conn:" msg="{Type:joined Username:mega Content:mega joined Room main Timestamp:2025-08-21 17:10:30.981659 +0100 WEST}" UserID=8 username=mega22
time=2025-08-21T17:10:34.792+01:00 level=DEBUG msg="Received network message" msg="{Type:send Username:mega Content:this is my man Timestamp:2025-08-21 17:10:34.791789 +0100 WEST}"
time=2025-08-21T17:10:34.793+01:00 level=DEBUG msg="Validated a new event" event="{Type:send Username:mega Action:send Content:this is my man Timestamp:2025-08-21 17:10:34.791789 +0100 WEST RoomName:}" UserId=7 Username=mega
time=2025-08-21T17:10:34.793+01:00 level=DEBUG msg="Validated event has valid user state" event="{Type:send Username:mega Action:send Content:this is my man Timestamp:2025-08-21 17:10:34.791789 +0100 WEST RoomName:main}" UserId=7 Username=mega
time=2025-08-21T17:10:34.793+01:00 level=DEBUG msg="Writting a valid msg to conn:" msg="{Type:send Username:mega Content:this is my man Timestamp:2025-08-21 17:10:34.791789 +0100 WEST}" UserID=8 username=mega22
time=2025-08-21T17:10:37.561+01:00 level=DEBUG msg="Received network message" msg="{Type:send Username:mega22 Content:hello man Timestamp:2025-08-21 17:10:37.560716 +0100 WEST}"
time=2025-08-21T17:10:37.561+01:00 level=DEBUG msg="Validated a new event" event="{Type:send Username:mega22 Action:send Content:hello man Timestamp:2025-08-21 17:10:37.560716 +0100 WEST RoomName:}" UserId=8 Username=mega22
time=2025-08-21T17:10:37.561+01:00 level=DEBUG msg="Validated event has valid user state" event="{Type:send Username:mega22 Action:send Content:hello man Timestamp:2025-08-21 17:10:37.560716 +0100 WEST RoomName:main}" UserId=8 Username=mega22
time=2025-08-21T17:10:37.561+01:00 level=DEBUG msg="Writting a valid msg to conn:" msg="{Type:send Username:mega22 Content:hello man Timestamp:2025-08-21 17:10:37.560716 +0100 WEST}" UserID=7 username=mega
time=2025-08-21T17:10:40.200+01:00 level=DEBUG msg="Received network message" msg="{Type:left Username:mega22 Content:/leave Timestamp:2025-08-21 17:10:40.200045 +0100 WEST}"
time=2025-08-21T17:10:40.201+01:00 level=DEBUG msg="Validated a new event" event="{Type:left Username:mega22 Action:left Content: Timestamp:2025-08-21 17:10:40.200045 +0100 WEST RoomName:}" UserId=8 Username=mega22
time=2025-08-21T17:10:40.201+01:00 level=DEBUG msg="Validated event has valid user state" event="{Type:left Username:mega22 Action:left Content: Timestamp:2025-08-21 17:10:40.200045 +0100 WEST RoomName:main}" UserId=8 Username=mega22
time=2025-08-21T17:10:40.202+01:00 level=DEBUG msg="Writting a valid msg to conn:" msg="{Type:left Username:mega22 Content:mega22 left Room main Timestamp:2025-08-21 17:10:40.200045 +0100 WEST}" UserID=7 username=mega
time=2025-08-21T17:10:42.738+01:00 level=DEBUG msg="Received network message" msg="{Type:send Username:mega22 Content:this Timestamp:2025-08-21 17:10:42.738051 +0100 WEST}"
time=2025-08-21T17:10:42.739+01:00 level=DEBUG msg="Validated a new event" event="{Type:send Username:mega22 Action:send Content:this Timestamp:2025-08-21 17:10:42.738051 +0100 WEST RoomName:}" UserId=8 Username=mega22
time=2025-08-21T17:10:42.739+01:00 level=DEBUG msg="Validated event has valid user state" event="{Type: Username: Action: Content: Timestamp:0001-01-01 00:00:00 +0000 UTC RoomName:}" UserId=8 Username=mega22
time=2025-08-21T17:10:42.739+01:00 level=DEBUG msg="Writting an error msg to conn:" msg="{Type:error Username:mega22 Content:User not in room, so can't send a message Timestamp:2025-08-21 17:10:42.739319 +0100 WEST m=+9335.466897709}" UserID=8 username=mega22
time=2025-08-21T17:10:42.739+01:00 level=DEBUG msg="Room %v does not exist" !BADKEY=""
time=2025-08-21T17:10:46.173+01:00 level=DEBUG msg="Received network message" msg="{Type:joined Username:mega22 Content:/join main Timestamp:2025-08-21 17:10:46.172746 +0100 WEST}"
time=2025-08-21T17:10:46.173+01:00 level=DEBUG msg="Validated a new event" event="{Type:joined Username:mega22 Action:joined Content:main Timestamp:2025-08-21 17:10:46.172746 +0100 WEST RoomName:}" UserId=8 Username=mega22
time=2025-08-21T17:10:46.173+01:00 level=DEBUG msg="Validated event has valid user state" event="{Type:joined Username:mega22 Action:joined Content:main Timestamp:2025-08-21 17:10:46.172746 +0100 WEST RoomName:main}" UserId=8 Username=mega22
time=2025-08-21T17:10:46.173+01:00 level=DEBUG msg="Writting a valid msg to conn:" msg="{Type:joined Username:mega22 Content:mega22 joined Room main Timestamp:2025-08-21 17:10:46.172746 +0100 WEST}" UserID=7 username=mega
time=2025-08-21T17:10:58.288+01:00 level=DEBUG msg="Received network message" msg="{Type:left Username:mega22 Content:/leave Timestamp:2025-08-21 17:10:58.288525 +0100 WEST}"
time=2025-08-21T17:10:58.289+01:00 level=DEBUG msg="Validated a new event" event="{Type:left Username:mega22 Action:left Content: Timestamp:2025-08-21 17:10:58.288525 +0100 WEST RoomName:}" UserId=8 Username=mega22
time=2025-08-21T17:10:58.289+01:00 level=DEBUG msg="Validated event has valid user state" event="{Type:left Username:mega22 Action:left Content: Timestamp:2025-08-21 17:10:58.288525 +0100 WEST RoomName:main}" UserId=8 Username=mega22
time=2025-08-21T17:10:58.289+01:00 level=DEBUG msg="Writting a valid msg to conn:" msg="{Type:left Username:mega22 Content:mega22 left Room main Timestamp:2025-08-21 17:10:58.288525 +0100 WEST}" UserID=7 username=mega
time=2025-08-21T17:11:00.793+01:00 level=DEBUG msg="Received network message" msg="{Type:left Username:mega22 Content:/leave Timestamp:2025-08-21 17:11:00.792511 +0100 WEST}"
time=2025-08-21T17:11:00.793+01:00 level=DEBUG msg="Validated a new event" event="{Type:left Username:mega22 Action:left Content: Timestamp:2025-08-21 17:11:00.792511 +0100 WEST RoomName:}" UserId=8 Username=mega22
time=2025-08-21T17:11:00.793+01:00 level=DEBUG msg="Validated event has valid user state" event="{Type: Username: Action: Content: Timestamp:0001-01-01 00:00:00 +0000 UTC RoomName:}" UserId=8 Username=mega22
time=2025-08-21T17:11:00.793+01:00 level=DEBUG msg="Writting an error msg to conn:" msg="{Type:error Username:mega22 Content:Can't leave room, current user isn't in one Timestamp:2025-08-21 17:11:00.793763 +0100 WEST m=+9353.521345001}" UserID=8 username=mega22
time=2025-08-21T17:11:00.793+01:00 level=DEBUG msg="Room %v does not exist" !BADKEY=""
time=2025-08-21T17:13:01.560+01:00 level=DEBUG msg="Received network message" msg="{Type:joined Username:mega22 Content:/join main Timestamp:2025-08-21 17:13:01.559996 +0100 WEST}"
time=2025-08-21T17:13:01.561+01:00 level=DEBUG msg="Validated a new event" event="{Type:joined Username:mega22 Action:joined Content:main Timestamp:2025-08-21 17:13:01.559996 +0100 WEST RoomName:}" UserId=10 Username=mega22
time=2025-08-21T17:13:01.561+01:00 level=DEBUG msg="Validated event has valid user state" event="{Type:joined Username:mega22 Action:joined Content:main Timestamp:2025-08-21 17:13:01.559996 +0100 WEST RoomName:main}" UserId=10 Username=mega22
time=2025-08-21T17:13:01.561+01:00 level=DEBUG msg="Writting a valid msg to conn:" msg="{Type:joined Username:mega22 Content:mega22 joined Room main Timestamp:2025-08-21 17:13:01.559996 +0100 WEST}" UserID=7 username=mega
time=2025-08-21T17:13:01.561+01:00 level=INFO msg="Error reading from connection: %s\n" !BADKEY="read tcp4 127.0.0.1:8088->127.0.0.1:65270: read: connection reset by peer"
time=2025-08-21T17:13:01.561+01:00 level=DEBUG msg="Validated a new event" event="{Type: Username: Action: Content: Timestamp:0001-01-01 00:00:00 +0000 UTC RoomName:}" UserId=7 Username=mega
time=2025-08-21T17:13:01.561+01:00 level=DEBUG msg="Writting an error msg to conn:" msg="{Type:error Username:mega Content:Failed to parse message content into server Event Timestamp:2025-08-21 17:13:01.561454 +0100 WEST m=+9474.289057959}" UserID=7 username=mega
time=2025-08-21T17:13:06.043+01:00 level=DEBUG msg="Received network message" msg="{Type:joined Username:mega Content:/join main Timestamp:2025-08-21 17:13:06.043318 +0100 WEST}"
time=2025-08-21T17:13:06.043+01:00 level=DEBUG msg="Validated a new event" event="{Type:joined Username:mega Action:joined Content:main Timestamp:2025-08-21 17:13:06.043318 +0100 WEST RoomName:}" UserId=9 Username=mega
time=2025-08-21T17:13:06.043+01:00 level=DEBUG msg="Validated event has valid user state" event="{Type:joined Username:mega Action:joined Content:main Timestamp:2025-08-21 17:13:06.043318 +0100 WEST RoomName:main}" UserId=9 Username=mega
time=2025-08-21T17:13:06.043+01:00 level=DEBUG msg="Writting a valid msg to conn:" msg="{Type:joined Username:mega Content:mega joined Room main Timestamp:2025-08-21 17:13:06.043318 +0100 WEST}" UserID=10 username=mega22
time=2025-08-21T17:13:49.655+01:00 level=INFO msg="Error reading from connection: %s\n" !BADKEY="read tcp4 127.0.0.1:8088->127.0.0.1:65272: read: connection reset by peer"
time=2025-08-21T17:13:49.656+01:00 level=DEBUG msg="Validated a new event" event="{Type: Username: Action: Content: Timestamp:0001-01-01 00:00:00 +0000 UTC RoomName:}" UserId=8 Username=mega22
time=2025-08-21T17:13:49.656+01:00 level=DEBUG msg="Writting an error msg to conn:" msg="{Type:error Username:mega22 Content:Failed to parse message content into server Event Timestamp:2025-08-21 17:13:49.656204 +0100 WEST m=+9522.383817209}" UserID=8 username=mega22
time=2025-08-21T17:14:07.646+01:00 level=DEBUG msg="Received network message" msg="{Type:joined Username:mega Content:/join main Timestamp:2025-08-21 17:14:07.645871 +0100 WEST}"
time=2025-08-21T17:14:07.646+01:00 level=DEBUG msg="Validated a new event" event="{Type:joined Username:mega Action:joined Content:main Timestamp:2025-08-21 17:14:07.645871 +0100 WEST RoomName:}" UserId=11 Username=mega
time=2025-08-21T17:14:07.646+01:00 level=DEBUG msg="Validated event has valid user state" event="{Type:joined Username:mega Action:joined Content:main Timestamp:2025-08-21 17:14:07.645871 +0100 WEST RoomName:main}" UserId=11 Username=mega
time=2025-08-21T17:14:07.646+01:00 level=DEBUG msg="Writting a valid msg to conn:" msg="{Type:joined Username:mega Content:mega joined Room main Timestamp:2025-08-21 17:14:07.645871 +0100 WEST}" UserID=10 username=mega22
time=2025-08-21T17:14:07.646+01:00 level=DEBUG msg="Writting a valid msg to conn:" msg="{Type:joined Username:mega Content:mega joined Room main Timestamp:2025-08-21 17:14:07.645871 +0100 WEST}" UserID=9 username=mega
time=2025-08-21T17:14:07.647+01:00 level=INFO msg="Error reading from connection: %s\n" !BADKEY="read tcp4 127.0.0.1:8088->127.0.0.1:65290: read: connection reset by peer"
time=2025-08-21T17:14:07.647+01:00 level=INFO msg="Error reading from connection: %s\n" !BADKEY="read tcp4 127.0.0.1:8088->127.0.0.1:65289: read: connection reset by peer"
time=2025-08-21T17:14:07.647+01:00 level=DEBUG msg="Validated a new event" event="{Type: Username: Action: Content: Timestamp:0001-01-01 00:00:00 +0000 UTC RoomName:}" UserId=9 Username=mega
time=2025-08-21T17:14:07.647+01:00 level=DEBUG msg="Validated a new event" event="{Type: Username: Action: Content: Timestamp:0001-01-01 00:00:00 +0000 UTC RoomName:}" UserId=10 Username=mega22
time=2025-08-21T17:14:07.647+01:00 level=DEBUG msg="Writting an error msg to conn:" msg="{Type:error Username:mega22 Content:Failed to parse message content into server Event Timestamp:2025-08-21 17:14:07.647298 +0100 WEST m=+9540.374914376}" UserID=10 username=mega22
time=2025-08-21T17:14:07.647+01:00 level=DEBUG msg="Writting an error msg to conn:" msg="{Type:error Username:mega Content:Failed to parse message content into server Event Timestamp:2025-08-21 17:14:07.64725 +0100 WEST m=+9540.374867043}" UserID=9 username=mega
time=2025-08-21T17:14:11.731+01:00 level=DEBUG msg="Received network message" msg="{Type:joined Username:mega2 Content:/join main Timestamp:2025-08-21 17:14:11.731303 +0100 WEST}"
time=2025-08-21T17:14:11.731+01:00 level=DEBUG msg="Validated a new event" event="{Type:joined Username:mega2 Action:joined Content:main Timestamp:2025-08-21 17:14:11.731303 +0100 WEST RoomName:}" UserId=12 Username=mega2
time=2025-08-21T17:14:11.731+01:00 level=DEBUG msg="Validated event has valid user state" event="{Type:joined Username:mega2 Action:joined Content:main Timestamp:2025-08-21 17:14:11.731303 +0100 WEST RoomName:main}" UserId=12 Username=mega2
time=2025-08-21T17:14:11.731+01:00 level=DEBUG msg="Writting a valid msg to conn:" msg="{Type:joined Username:mega2 Content:mega2 joined Room main Timestamp:2025-08-21 17:14:11.731303 +0100 WEST}" UserID=11 username=mega
time=2025-08-21T17:14:13.870+01:00 level=DEBUG msg="Received network message" msg="{Type:send Username:mega2 Content:this Timestamp:2025-08-21 17:14:13.869909 +0100 WEST}"
time=2025-08-21T17:14:13.871+01:00 level=DEBUG msg="Validated a new event" event="{Type:send Username:mega2 Action:send Content:this Timestamp:2025-08-21 17:14:13.869909 +0100 WEST RoomName:}" UserId=12 Username=mega2
time=2025-08-21T17:14:13.871+01:00 level=DEBUG msg="Validated event has valid user state" event="{Type:send Username:mega2 Action:send Content:this Timestamp:2025-08-21 17:14:13.869909 +0100 WEST RoomName:main}" UserId=12 Username=mega2
time=2025-08-21T17:14:13.871+01:00 level=DEBUG msg="Writting a valid msg to conn:" msg="{Type:send Username:mega2 Content:this Timestamp:2025-08-21 17:14:13.869909 +0100 WEST}" UserID=11 username=mega
time=2025-08-21T17:17:10.126+01:00 level=DEBUG msg="Received network message" msg="{Type:joined Username:mega2 Content:/join main Timestamp:2025-08-21 17:17:10.125933 +0100 WEST}"
time=2025-08-21T17:17:10.127+01:00 level=DEBUG msg="Validated a new event" event="{Type:joined Username:mega2 Action:joined Content:main Timestamp:2025-08-21 17:17:10.125933 +0100 WEST RoomName:}" UserId=14 Username=mega2
time=2025-08-21T17:17:10.127+01:00 level=DEBUG msg="Validated event has valid user state" event="{Type:joined Username:mega2 Action:joined Content:main Timestamp:2025-08-21 17:17:10.125933 +0100 WEST RoomName:main}" UserId=14 Username=mega2
time=2025-08-21T17:17:13.810+01:00 level=DEBUG msg="Received network message" msg="{Type:joined Username:mega Content:/join main Timestamp:2025-08-21 17:17:13.809668 +0100 WEST}"
time=2025-08-21T17:17:13.810+01:00 level=DEBUG msg="Validated a new event" event="{Type:joined Username:mega Action:joined Content:main Timestamp:2025-08-21 17:17:13.809668 +0100 WEST RoomName:}" UserId=13 Username=mega
time=2025-08-21T17:17:13.810+01:00 level=DEBUG msg="Validated event has valid user state" event="{Type:joined Username:mega Action:joined Content:main Timestamp:2025-08-21 17:17:13.809668 +0100 WEST RoomName:main}" UserId=13 Username=mega
time=2025-08-21T17:17:13.810+01:00 level=DEBUG msg="Writting a valid msg to conn:" msg="{Type:joined Username:mega Content:mega joined Room main Timestamp:2025-08-21 17:17:13.809668 +0100 WEST}" UserID=11 username=mega
time=2025-08-21T17:17:13.810+01:00 level=INFO msg="Error reading from connection: %s\n" !BADKEY="read tcp4 127.0.0.1:8088->127.0.0.1:65324: read: connection reset by peer"
time=2025-08-21T17:17:13.811+01:00 level=DEBUG msg="Validated a new event" event="{Type: Username: Action: Content: Timestamp:0001-01-01 00:00:00 +0000 UTC RoomName:}" UserId=11 Username=mega
time=2025-08-21T17:17:13.811+01:00 level=DEBUG msg="Writting an error msg to conn:" msg="{Type:error Username:mega Content:Failed to parse message content into server Event Timestamp:2025-08-21 17:17:13.811162 +0100 WEST m=+9726.538813543}" UserID=11 username=mega
time=2025-08-21T17:17:15.705+01:00 level=DEBUG msg="Received network message" msg="{Type:send Username:mega Content:this Timestamp:2025-08-21 17:17:15.705236 +0100 WEST}"
time=2025-08-21T17:17:15.705+01:00 level=DEBUG msg="Validated a new event" event="{Type:send Username:mega Action:send Content:this Timestamp:2025-08-21 17:17:15.705236 +0100 WEST RoomName:}" UserId=13 Username=mega
time=2025-08-21T17:17:15.705+01:00 level=DEBUG msg="Validated event has valid user state" event="{Type:send Username:mega Action:send Content:this Timestamp:2025-08-21 17:17:15.705236 +0100 WEST RoomName:main}" UserId=13 Username=mega
time=2025-08-21T17:17:53.186+01:00 level=DEBUG msg="Received network message" msg="{Type:send Username:mega Content:this Timestamp:2025-08-21 17:17:53.185613 +0100 WEST}"
time=2025-08-21T17:17:53.187+01:00 level=DEBUG msg="Validated a new event" event="{Type:send Username:mega Action:send Content:this Timestamp:2025-08-21 17:17:53.185613 +0100 WEST RoomName:}" UserId=13 Username=mega
time=2025-08-21T17:17:53.187+01:00 level=DEBUG msg="Validated event has valid user state" event="{Type:send Username:mega Action:send Content:this Timestamp:2025-08-21 17:17:53.185613 +0100 WEST RoomName:main}" UserId=13 Username=mega
time=2025-08-21T17:17:55.279+01:00 level=DEBUG msg="Received network message" msg="{Type:left Username:mega Content:/leave Timestamp:2025-08-21 17:17:55.279135 +0100 WEST}"
time=2025-08-21T17:17:55.279+01:00 level=DEBUG msg="Validated a new event" event="{Type:left Username:mega Action:left Content: Timestamp:2025-08-21 17:17:55.279135 +0100 WEST RoomName:}" UserId=13 Username=mega
time=2025-08-21T17:17:55.279+01:00 level=DEBUG msg="Validated event has valid user state" event="{Type:left Username:mega Action:left Content: Timestamp:2025-08-21 17:17:55.279135 +0100 WEST RoomName:main}" UserId=13 Username=mega
time=2025-08-21T17:17:57.225+01:00 level=DEBUG msg="Received network message" msg="{Type:send Username:mega Content:das Timestamp:2025-08-21 17:17:57.224903 +0100 WEST}"
time=2025-08-21T17:17:57.225+01:00 level=DEBUG msg="Validated a new event" event="{Type:send Username:mega Action:send Content:das Timestamp:2025-08-21 17:17:57.224903 +0100 WEST RoomName:}" UserId=13 Username=mega
time=2025-08-21T17:17:58.650+01:00 level=DEBUG msg="Received network message" msg="{Type:send Username:mega Content:dasdas Timestamp:2025-08-21 17:17:58.650317 +0100 WEST}"
time=2025-08-21T17:18:00.685+01:00 level=DEBUG msg="Received network message" msg="{Type:left Username:mega Content:/leave Timestamp:2025-08-21 17:18:00.6858 +0100 WEST}"
time=2025-08-21T17:18:00.898+01:00 level=INFO msg="Error reading from connection: %s\n" !BADKEY="read tcp4 127.0.0.1:8088->127.0.0.1:65325: read: connection reset by peer"
time=2025-08-21T17:22:21.621+01:00 level=DEBUG msg="Received network message" msg="{Type:send Username:mega Content:this Timestamp:2025-08-21 17:22:21.62041 +0100 WEST}"
time=2025-08-21T17:22:26.789+01:00 level=DEBUG msg="Received network message" msg="{Type:joined Username:mega2 Content:/join main Timestamp:2025-08-21 17:22:26.788361 +0100 WEST}"
time=2025-08-21T17:22:26.789+01:00 level=DEBUG msg="Validated a new event" event="{Type:joined Username:mega2 Action:joined Content:main Timestamp:2025-08-21 17:22:26.788361 +0100 WEST RoomName:}" UserId=14 Username=mega2
time=2025-08-21T17:23:05.716+01:00 level=DEBUG msg="Received network message" msg="{Type:send Username:mega Content:thi Timestamp:2025-08-21 17:23:05.714274 +0100 WEST}"
time=2025-08-21T17:23:06.811+01:00 level=DEBUG msg="Received network message" msg="{Type:send Username:mega Content:this Timestamp:2025-08-21 17:23:06.810731 +0100 WEST}"
time=2025-08-21T17:24:12.894+01:00 level=DEBUG msg="Received network message" msg="{Type:send Username:mega Content:this Timestamp:2025-08-21 17:24:12.89372 +0100 WEST}"
time=2025-08-21T17:24:12.895+01:00 level=DEBUG msg="Validated a new event" event="{Type:send Username:mega Action:send Content:this Timestamp:2025-08-21 17:24:12.89372 +0100 WEST RoomName:}" UserId=16 Username=mega
time=2025-08-21T17:24:12.895+01:00 level=DEBUG msg="Validated event has valid user state" event="{Type: Username: Action: Content: Timestamp:0001-01-01 00:00:00 +0000 UTC RoomName:}" UserId=16 Username=mega
time=2025-08-21T17:24:12.895+01:00 level=DEBUG msg="Writting an error msg to conn:" msg="{Type:error Username:mega Content:User not in room, so can't send a message Timestamp:2025-08-21 17:24:12.895134 +0100 WEST m=+10145.583500001}" UserID=16 username=mega
time=2025-08-21T17:24:12.895+01:00 level=DEBUG msg="Room %v does not exist" !BADKEY=""
time=2025-08-21T17:24:17.113+01:00 level=DEBUG msg="Received network message" msg="{Type:joined Username:mega Content:/join main Timestamp:2025-08-21 17:24:17.113742 +0100 WEST}"
time=2025-08-21T17:24:17.114+01:00 level=DEBUG msg="Validated a new event" event="{Type:joined Username:mega Action:joined Content:main Timestamp:2025-08-21 17:24:17.113742 +0100 WEST RoomName:}" UserId=16 Username=mega
time=2025-08-21T17:24:17.114+01:00 level=DEBUG msg="Validated event has valid user state" event="{Type:joined Username:mega Action:joined Content:main Timestamp:2025-08-21 17:24:17.113742 +0100 WEST RoomName:main}" UserId=16 Username=mega
time=2025-08-21T17:24:20.592+01:00 level=DEBUG msg="Received network message" msg="{Type:joined Username:mega2 Content:/join main Timestamp:2025-08-21 17:24:20.592315 +0100 WEST}"
time=2025-08-21T17:24:20.592+01:00 level=DEBUG msg="Validated a new event" event="{Type:joined Username:mega2 Action:joined Content:main Timestamp:2025-08-21 17:24:20.592315 +0100 WEST RoomName:}" UserId=15 Username=mega2
time=2025-08-21T17:24:20.592+01:00 level=DEBUG msg="Validated event has valid user state" event="{Type:joined Username:mega2 Action:joined Content:main Timestamp:2025-08-21 17:24:20.592315 +0100 WEST RoomName:main}" UserId=15 Username=mega2
time=2025-08-21T17:24:24.083+01:00 level=DEBUG msg="Received network message" msg="{Type:send Username:mega2 Content:this Timestamp:2025-08-21 17:24:24.083528 +0100 WEST}"
time=2025-08-21T17:24:24.083+01:00 level=DEBUG msg="Validated a new event" event="{Type:send Username:mega2 Action:send Content:this Timestamp:2025-08-21 17:24:24.083528 +0100 WEST RoomName:}" UserId=15 Username=mega2
time=2025-08-21T17:24:24.083+01:00 level=DEBUG msg="Validated event has valid user state" event="{Type:send Username:mega2 Action:send Content:this Timestamp:2025-08-21 17:24:24.083528 +0100 WEST RoomName:main}" UserId=15 Username=mega2
time=2025-08-21T17:24:26.743+01:00 level=DEBUG msg="Received network message" msg="{Type:send Username:mega Content:hello Timestamp:2025-08-21 17:24:26.742673 +0100 WEST}"
time=2025-08-21T17:24:26.743+01:00 level=DEBUG msg="Validated a new event" event="{Type:send Username:mega Action:send Content:hello Timestamp:2025-08-21 17:24:26.742673 +0100 WEST RoomName:}" UserId=16 Username=mega
time=2025-08-21T17:24:26.743+01:00 level=DEBUG msg="Validated event has valid user state" event="{Type:send Username:mega Action:send Content:hello Timestamp:2025-08-21 17:24:26.742673 +0100 WEST RoomName:main}" UserId=16 Username=mega
time=2025-08-21T17:38:32.217+01:00 level=INFO msg="TCP listener started, waiting for connections..."
time=2025-08-21T17:39:29.756+01:00 level=DEBUG msg="Received network message" msg="{Type:joined Username:mega222 Content:/join maa Timestamp:2025-08-21 17:39:29.756336 +0100 WEST}"
time=2025-08-21T17:39:29.759+01:00 level=DEBUG msg="Validated a new event" event="{Type:joined Username:mega222 Action:joined Content:maa Timestamp:2025-08-21 17:39:29.756336 +0100 WEST RoomName:}" UserId=2 Username=mega222
time=2025-08-21T17:39:29.759+01:00 level=DEBUG msg="Validated event has valid user state" event="{Type: Username: Action: Content: Timestamp:0001-01-01 00:00:00 +0000 UTC RoomName:}" UserId=2 Username=mega222
time=2025-08-21T17:39:29.759+01:00 level=DEBUG msg="Writting an error msg to conn:" msg="{Type:error Username:mega222 Content:invalid room entered: maa Timestamp:2025-08-21 17:39:29.759595 +0100 WEST m=+57.559626084}" UserID=2 username=mega222
time=2025-08-21T17:39:29.759+01:00 level=DEBUG msg="Room %v does not exist" !BADKEY=""
time=2025-08-21T17:39:36.172+01:00 level=DEBUG msg="Received network message" msg="{Type:joined Username:mega222 Content:/join main Timestamp:2025-08-21 17:39:36.172144 +0100 WEST}"
time=2025-08-21T17:39:36.172+01:00 level=DEBUG msg="Validated a new event" event="{Type:joined Username:mega222 Action:joined Content:main Timestamp:2025-08-21 17:39:36.172144 +0100 WEST RoomName:}" UserId=2 Username=mega222
time=2025-08-21T17:39:36.172+01:00 level=DEBUG msg="Validated event has valid user state" event="{Type:joined Username:mega222 Action:joined Content:main Timestamp:2025-08-21 17:39:36.172144 +0100 WEST RoomName:main}" UserId=2 Username=mega222
time=2025-08-21T17:39:36.172+01:00 level=DEBUG msg="Writting a valid msg to conn:" msg="{Type:joined Username:mega222 Content:mega222 joined Room main Timestamp:2025-08-21 17:39:36.172144 +0100 WEST}" UserID=2 username=mega222
time=2025-08-21T17:39:40.697+01:00 level=DEBUG msg="Received network message" msg="{Type:send Username:mega222 Content:this Timestamp:2025-08-21 17:39:40.697179 +0100 WEST}"
time=2025-08-21T17:39:40.697+01:00 level=DEBUG msg="Validated a new event" event="{Type:send Username:mega222 Action:send Content:this Timestamp:2025-08-21 17:39:40.697179 +0100 WEST RoomName:}" UserId=2 Username=mega222
time=2025-08-21T17:39:40.697+01:00 level=DEBUG msg="Validated event has valid user state" event="{Type:send Username:mega222 Action:send Content:this Timestamp:2025-08-21 17:39:40.697179 +0100 WEST RoomName:main}" UserId=2 Username=mega222
time=2025-08-21T17:39:40.697+01:00 level=DEBUG msg="Writting a valid msg to conn:" msg="{Type:send Username:mega222 Content:this Timestamp:2025-08-21 17:39:40.697179 +0100 WEST}" UserID=2 username=mega222
time=2025-08-21T17:39:48.537+01:00 level=DEBUG msg="Received network message" msg="{Type:joined Username:mega22 Content:/join main Timestamp:2025-08-21 17:39:48.536722 +0100 WEST}"
time=2025-08-21T17:39:48.537+01:00 level=DEBUG msg="Validated a new event" event="{Type:joined Username:mega22 Action:joined Content:main Timestamp:2025-08-21 17:39:48.536722 +0100 WEST RoomName:}" UserId=1 Username=mega22
time=2025-08-21T17:39:48.537+01:00 level=DEBUG msg="Validated event has valid user state" event="{Type:joined Username:mega22 Action:joined Content:main Timestamp:2025-08-21 17:39:48.536722 +0100 WEST RoomName:main}" UserId=1 Username=mega22
time=2025-08-21T17:39:48.537+01:00 level=DEBUG msg="Writting a valid msg to conn:" msg="{Type:joined Username:mega22 Content:mega22 joined Room main Timestamp:2025-08-21 17:39:48.536722 +0100 WEST}" UserID=1 username=mega22
time=2025-08-21T17:39:48.537+01:00 level=DEBUG msg="Writting a valid msg to conn:" msg="{Type:joined Username:mega22 Content:mega22 joined Room main Timestamp:2025-08-21 17:39:48.536722 +0100 WEST}" UserID=2 username=mega222
time=2025-08-21T17:39:50.269+01:00 level=DEBUG msg="Received network message" msg="{Type:send Username:mega22 Content:this  Timestamp:2025-08-21 17:39:50.269177 +0100 WEST}"
time=2025-08-21T17:39:50.269+01:00 level=DEBUG msg="Validated a new event" event="{Type:send Username:mega22 Action:send Content:this Timestamp:2025-08-21 17:39:50.269177 +0100 WEST RoomName:}" UserId=1 Username=mega22
time=2025-08-21T17:39:50.269+01:00 level=DEBUG msg="Validated event has valid user state" event="{Type:send Username:mega22 Action:send Content:this Timestamp:2025-08-21 17:39:50.269177 +0100 WEST RoomName:main}" UserId=1 Username=mega22
time=2025-08-21T17:39:50.270+01:00 level=DEBUG msg="Writting a valid msg to conn:" msg="{Type:send Username:mega22 Content:this Timestamp:2025-08-21 17:39:50.269177 +0100 WEST}" UserID=1 username=mega22
time=2025-08-21T17:39:50.270+01:00 level=DEBUG msg="Writting a valid msg to conn:" msg="{Type:send Username:mega22 Content:this Timestamp:2025-08-21 17:39:50.269177 +0100 WEST}" UserID=2 username=mega222
time=2025-08-21T17:39:54.228+01:00 level=DEBUG msg="Received network message" msg="{Type:send Username:mega22 Content:this is the end Timestamp:2025-08-21 17:39:54.227843 +0100 WEST}"
time=2025-08-21T17:39:54.228+01:00 level=DEBUG msg="Validated a new event" event="{Type:send Username:mega22 Action:send Content:this is the end Timestamp:2025-08-21 17:39:54.227843 +0100 WEST RoomName:}" UserId=1 Username=mega22
time=2025-08-21T17:39:54.228+01:00 level=DEBUG msg="Validated event has valid user state" event="{Type:send Username:mega22 Action:send Content:this is the end Timestamp:2025-08-21 17:39:54.227843 +0100 WEST RoomName:main}" UserId=1 Username=mega22
time=2025-08-21T17:39:54.228+01:00 level=DEBUG msg="Writting a valid msg to conn:" msg="{Type:send Username:mega22 Content:this is the end Timestamp:2025-08-21 17:39:54.227843 +0100 WEST}" UserID=1 username=mega22
time=2025-08-21T17:39:54.228+01:00 level=DEBUG msg="Writting a valid msg to conn:" msg="{Type:send Username:mega22 Content:this is the end Timestamp:2025-08-21 17:39:54.227843 +0100 WEST}" UserID=2 username=mega222
time=2025-08-21T17:39:58.624+01:00 level=DEBUG msg="Received network message" msg="{Type:left Username:mega22 Content:/leave Timestamp:2025-08-21 17:39:58.624188 +0100 WEST}"
time=2025-08-21T17:39:58.624+01:00 level=DEBUG msg="Validated a new event" event="{Type:left Username:mega22 Action:left Content: Timestamp:2025-08-21 17:39:58.624188 +0100 WEST RoomName:}" UserId=1 Username=mega22
time=2025-08-21T17:39:58.624+01:00 level=DEBUG msg="Validated event has valid user state" event="{Type:left Username:mega22 Action:left Content: Timestamp:2025-08-21 17:39:58.624188 +0100 WEST RoomName:main}" UserId=1 Username=mega22
time=2025-08-21T17:39:58.624+01:00 level=DEBUG msg="Writting a valid msg to conn:" msg="{Type:left Username:mega22 Content:mega22 left Room main Timestamp:2025-08-21 17:39:58.624188 +0100 WEST}" UserID=2 username=mega222
time=2025-08-22T00:09:39.770+01:00 level=INFO msg="Error starting TCP listener"
time=2025-08-23T22:26:55.325+01:00 level=INFO msg="Error reading from connection: %s\n" !BADKEY="read tcp4 127.0.0.1:8088->127.0.0.1:49177: read: connection reset by peer"
time=2025-08-23T22:26:55.327+01:00 level=DEBUG msg="Validated a new event" event="{Type: Username: Action: Content: Timestamp:0001-01-01 00:00:00 +0000 UTC RoomName:}" UserId=1 Username=mega22
time=2025-08-23T22:26:55.327+01:00 level=DEBUG msg="Writting an error msg to conn:" msg="{Type:error Username:mega22 Content:Failed to parse message content into server Event Timestamp:2025-08-23 22:26:55.327526 +0100 WEST m=+30680.078789584}" UserID=1 username=mega22
