time=2025-08-21T17:24:29.848+01:00 level=INFO msg="TCP listener started, waiting for connections..."
time=2025-08-21T17:24:41.861+01:00 level=DEBUG msg="Received network message" msg="{Type:joined Username:mega22 Content:/join main Timestamp:2025-08-21 17:24:41.861156 +0100 WEST}"
time=2025-08-21T17:24:41.862+01:00 level=DEBUG msg="Validated a new event" event="{Type:joined Username:mega22 Action:joined Content:main Timestamp:2025-08-21 17:24:41.861156 +0100 WEST RoomName:}" UserId=2 Username=mega22
time=2025-08-21T17:24:41.862+01:00 level=DEBUG msg="Validated event has valid user state" event="{Type:joined Username:mega22 Action:joined Content:main Timestamp:2025-08-21 17:24:41.861156 +0100 WEST RoomName:main}" UserId=2 Username=mega22
time=2025-08-21T17:24:45.587+01:00 level=DEBUG msg="Received network message" msg="{Type:joined Username:mega2 Content:/join main2 Timestamp:2025-08-21 17:24:45.587015 +0100 WEST}"
time=2025-08-21T17:24:45.588+01:00 level=DEBUG msg="Validated a new event" event="{Type:joined Username:mega2 Action:joined Content:main2 Timestamp:2025-08-21 17:24:45.587015 +0100 WEST RoomName:}" UserId=1 Username=mega2
time=2025-08-21T17:24:45.588+01:00 level=DEBUG msg="Validated event has valid user state" event="{Type: Username: Action: Content: Timestamp:0001-01-01 00:00:00 +0000 UTC RoomName:}" UserId=1 Username=mega2
time=2025-08-21T17:24:45.588+01:00 level=DEBUG msg="Writting an error msg to conn:" msg="{Type:error Username:mega2 Content:invalid room entered: main2 Timestamp:2025-08-21 17:24:45.58828 +0100 WEST m=+15.740190251}" UserID=1 username=mega2
time=2025-08-21T17:24:45.588+01:00 level=DEBUG msg="Room %v does not exist" !BADKEY=""
time=2025-08-21T17:24:50.479+01:00 level=DEBUG msg="Received network message" msg="{Type:joined Username:mega2 Content:/join main Timestamp:2025-08-21 17:24:50.479479 +0100 WEST}"
time=2025-08-21T17:24:50.480+01:00 level=DEBUG msg="Validated a new event" event="{Type:joined Username:mega2 Action:joined Content:main Timestamp:2025-08-21 17:24:50.479479 +0100 WEST RoomName:}" UserId=1 Username=mega2
time=2025-08-21T17:24:50.480+01:00 level=DEBUG msg="Validated event has valid user state" event="{Type:joined Username:mega2 Action:joined Content:main Timestamp:2025-08-21 17:24:50.479479 +0100 WEST RoomName:main}" UserId=1 Username=mega2
time=2025-08-21T17:24:50.480+01:00 level=DEBUG msg="Writting a valid msg to conn:" msg="{Type:joined Username:mega2 Content:mega2 joined Room main Timestamp:2025-08-21 17:24:50.479479 +0100 WEST}" UserID=2 username=mega22
time=2025-08-21T17:24:51.836+01:00 level=DEBUG msg="Received network message" msg="{Type:send Username:mega2 Content:this Timestamp:2025-08-21 17:24:51.835919 +0100 WEST}"
time=2025-08-21T17:24:51.836+01:00 level=DEBUG msg="Validated a new event" event="{Type:send Username:mega2 Action:send Content:this Timestamp:2025-08-21 17:24:51.835919 +0100 WEST RoomName:}" UserId=1 Username=mega2
time=2025-08-21T17:24:51.836+01:00 level=DEBUG msg="Validated event has valid user state" event="{Type:send Username:mega2 Action:send Content:this Timestamp:2025-08-21 17:24:51.835919 +0100 WEST RoomName:main}" UserId=1 Username=mega2
time=2025-08-21T17:24:51.836+01:00 level=DEBUG msg="Writting a valid msg to conn:" msg="{Type:send Username:mega2 Content:this Timestamp:2025-08-21 17:24:51.835919 +0100 WEST}" UserID=2 username=mega22
time=2025-08-21T17:24:53.878+01:00 level=DEBUG msg="Received network message" msg="{Type:send Username:mega22 Content:hello Timestamp:2025-08-21 17:24:53.877405 +0100 WEST}"
time=2025-08-21T17:24:53.878+01:00 level=DEBUG msg="Validated a new event" event="{Type:send Username:mega22 Action:send Content:hello Timestamp:2025-08-21 17:24:53.877405 +0100 WEST RoomName:}" UserId=2 Username=mega22
time=2025-08-21T17:24:53.878+01:00 level=DEBUG msg="Validated event has valid user state" event="{Type:send Username:mega22 Action:send Content:hello Timestamp:2025-08-21 17:24:53.877405 +0100 WEST RoomName:main}" UserId=2 Username=mega22
time=2025-08-21T17:24:53.878+01:00 level=DEBUG msg="Writting a valid msg to conn:" msg="{Type:send Username:mega22 Content:hello Timestamp:2025-08-21 17:24:53.877405 +0100 WEST}" UserID=1 username=mega2
time=2025-08-21T17:24:54.932+01:00 level=DEBUG msg="Received network message" msg="{Type:send Username:mega22 Content:this Timestamp:2025-08-21 17:24:54.932298 +0100 WEST}"
time=2025-08-21T17:24:54.932+01:00 level=DEBUG msg="Validated a new event" event="{Type:send Username:mega22 Action:send Content:this Timestamp:2025-08-21 17:24:54.932298 +0100 WEST RoomName:}" UserId=2 Username=mega22
time=2025-08-21T17:24:54.932+01:00 level=DEBUG msg="Validated event has valid user state" event="{Type:send Username:mega22 Action:send Content:this Timestamp:2025-08-21 17:24:54.932298 +0100 WEST RoomName:main}" UserId=2 Username=mega22
time=2025-08-21T17:24:54.932+01:00 level=DEBUG msg="Writting a valid msg to conn:" msg="{Type:send Username:mega22 Content:this Timestamp:2025-08-21 17:24:54.932298 +0100 WEST}" UserID=1 username=mega2
time=2025-08-21T17:26:00.615+01:00 level=INFO msg="TCP listener started, waiting for connections..."
time=2025-08-21T17:26:10.053+01:00 level=DEBUG msg="Received network message" msg="{Type:joined Username:mega2 Content:/join main Timestamp:2025-08-21 17:26:10.052481 +0100 WEST}"
time=2025-08-21T17:26:10.053+01:00 level=DEBUG msg="Validated a new event" event="{Type:joined Username:mega2 Action:joined Content:main Timestamp:2025-08-21 17:26:10.052481 +0100 WEST RoomName:}" UserId=2 Username=mega2
time=2025-08-21T17:26:10.053+01:00 level=DEBUG msg="Validated event has valid user state" event="{Type:joined Username:mega2 Action:joined Content:main Timestamp:2025-08-21 17:26:10.052481 +0100 WEST RoomName:main}" UserId=2 Username=mega2
time=2025-08-21T17:26:13.453+01:00 level=DEBUG msg="Received network message" msg="{Type:joined Username:mega22 Content:/join main Timestamp:2025-08-21 17:26:13.453417 +0100 WEST}"
time=2025-08-21T17:26:13.454+01:00 level=DEBUG msg="Validated a new event" event="{Type:joined Username:mega22 Action:joined Content:main Timestamp:2025-08-21 17:26:13.453417 +0100 WEST RoomName:}" UserId=1 Username=mega22
time=2025-08-21T17:26:13.454+01:00 level=DEBUG msg="Validated event has valid user state" event="{Type:joined Username:mega22 Action:joined Content:main Timestamp:2025-08-21 17:26:13.453417 +0100 WEST RoomName:main}" UserId=1 Username=mega22
time=2025-08-21T17:26:13.454+01:00 level=DEBUG msg="Writting a valid msg to conn:" msg="{Type:joined Username:mega22 Content:mega22 joined Room main Timestamp:2025-08-21 17:26:13.453417 +0100 WEST}" UserID=2 username=mega2
time=2025-08-21T17:26:15.178+01:00 level=DEBUG msg="Received network message" msg="{Type:send Username:mega2 Content:this Timestamp:2025-08-21 17:26:15.178479 +0100 WEST}"
time=2025-08-21T17:26:15.179+01:00 level=DEBUG msg="Validated a new event" event="{Type:send Username:mega2 Action:send Content:this Timestamp:2025-08-21 17:26:15.178479 +0100 WEST RoomName:}" UserId=2 Username=mega2
time=2025-08-21T17:26:15.179+01:00 level=DEBUG msg="Validated event has valid user state" event="{Type:send Username:mega2 Action:send Content:this Timestamp:2025-08-21 17:26:15.178479 +0100 WEST RoomName:main}" UserId=2 Username=mega2
time=2025-08-21T17:26:15.179+01:00 level=DEBUG msg="Writting a valid msg to conn:" msg="{Type:send Username:mega2 Content:this Timestamp:2025-08-21 17:26:15.178479 +0100 WEST}" UserID=1 username=mega22
time=2025-08-21T17:26:17.573+01:00 level=DEBUG msg="Received network message" msg="{Type:send Username:mega2 Content:hello Timestamp:2025-08-21 17:26:17.573504 +0100 WEST}"
time=2025-08-21T17:26:17.574+01:00 level=DEBUG msg="Validated a new event" event="{Type:send Username:mega2 Action:send Content:hello Timestamp:2025-08-21 17:26:17.573504 +0100 WEST RoomName:}" UserId=2 Username=mega2
time=2025-08-21T17:26:17.574+01:00 level=DEBUG msg="Validated event has valid user state" event="{Type:send Username:mega2 Action:send Content:hello Timestamp:2025-08-21 17:26:17.573504 +0100 WEST RoomName:main}" UserId=2 Username=mega2
time=2025-08-21T17:26:17.574+01:00 level=DEBUG msg="Writting a valid msg to conn:" msg="{Type:send Username:mega2 Content:hello Timestamp:2025-08-21 17:26:17.573504 +0100 WEST}" UserID=1 username=mega22
time=2025-08-21T17:26:22.171+01:00 level=DEBUG msg="Received network message" msg="{Type:send Username:mega2 Content:hi main Timestamp:2025-08-21 17:26:22.170818 +0100 WEST}"
time=2025-08-21T17:26:22.171+01:00 level=DEBUG msg="Validated a new event" event="{Type:send Username:mega2 Action:send Content:hi main Timestamp:2025-08-21 17:26:22.170818 +0100 WEST RoomName:}" UserId=2 Username=mega2
time=2025-08-21T17:26:22.171+01:00 level=DEBUG msg="Validated event has valid user state" event="{Type:send Username:mega2 Action:send Content:hi main Timestamp:2025-08-21 17:26:22.170818 +0100 WEST RoomName:main}" UserId=2 Username=mega2
time=2025-08-21T17:26:22.171+01:00 level=DEBUG msg="Writting a valid msg to conn:" msg="{Type:send Username:mega2 Content:hi main Timestamp:2025-08-21 17:26:22.170818 +0100 WEST}" UserID=1 username=mega22
time=2025-08-21T17:26:24.359+01:00 level=DEBUG msg="Received network message" msg="{Type:left Username:mega2 Content:/leave Timestamp:2025-08-21 17:26:24.359355 +0100 WEST}"
time=2025-08-21T17:26:24.359+01:00 level=DEBUG msg="Validated a new event" event="{Type:left Username:mega2 Action:left Content: Timestamp:2025-08-21 17:26:24.359355 +0100 WEST RoomName:}" UserId=2 Username=mega2
time=2025-08-21T17:26:24.359+01:00 level=DEBUG msg="Validated event has valid user state" event="{Type:left Username:mega2 Action:left Content: Timestamp:2025-08-21 17:26:24.359355 +0100 WEST RoomName:main}" UserId=2 Username=mega2
time=2025-08-21T17:26:24.360+01:00 level=DEBUG msg="Writting a valid msg to conn:" msg="{Type:left Username:mega2 Content:mega2 left Room main Timestamp:2025-08-21 17:26:24.359355 +0100 WEST}" UserID=1 username=mega22
time=2025-08-21T17:26:27.294+01:00 level=DEBUG msg="Received network message" msg="{Type:send Username:mega2 Content:this Timestamp:2025-08-21 17:26:27.293893 +0100 WEST}"
time=2025-08-21T17:26:27.294+01:00 level=DEBUG msg="Validated a new event" event="{Type:send Username:mega2 Action:send Content:this Timestamp:2025-08-21 17:26:27.293893 +0100 WEST RoomName:}" UserId=2 Username=mega2
time=2025-08-21T17:26:27.294+01:00 level=DEBUG msg="Validated event has valid user state" event="{Type: Username: Action: Content: Timestamp:0001-01-01 00:00:00 +0000 UTC RoomName:}" UserId=2 Username=mega2
time=2025-08-21T17:26:27.294+01:00 level=DEBUG msg="Writting an error msg to conn:" msg="{Type:error Username:mega2 Content:User not in room, so can't send a message Timestamp:2025-08-21 17:26:27.294453 +0100 WEST m=+26.681172084}" UserID=2 username=mega2
time=2025-08-21T17:26:27.294+01:00 level=DEBUG msg="Room %v does not exist" !BADKEY=""
time=2025-08-21T17:26:31.661+01:00 level=DEBUG msg="Received network message" msg="{Type:send Username:mega2 Content:this Timestamp:2025-08-21 17:26:31.660765 +0100 WEST}"
time=2025-08-21T17:26:31.661+01:00 level=DEBUG msg="Validated a new event" event="{Type:send Username:mega2 Action:send Content:this Timestamp:2025-08-21 17:26:31.660765 +0100 WEST RoomName:}" UserId=2 Username=mega2
time=2025-08-21T17:26:31.661+01:00 level=DEBUG msg="Validated event has valid user state" event="{Type: Username: Action: Content: Timestamp:0001-01-01 00:00:00 +0000 UTC RoomName:}" UserId=2 Username=mega2
time=2025-08-21T17:26:31.661+01:00 level=DEBUG msg="Writting an error msg to conn:" msg="{Type:error Username:mega2 Content:User not in room, so can't send a message Timestamp:2025-08-21 17:26:31.661517 +0100 WEST m=+31.048199251}" UserID=2 username=mega2
time=2025-08-21T17:26:31.661+01:00 level=DEBUG msg="Room %v does not exist" !BADKEY=""
time=2025-08-21T17:27:24.401+01:00 level=DEBUG msg="Received network message" msg="{Type:send Username:mega22 Content:this Timestamp:2025-08-21 17:27:24.398944 +0100 WEST}"
time=2025-08-21T17:27:24.401+01:00 level=DEBUG msg="Validated a new event" event="{Type:send Username:mega22 Action:send Content:this Timestamp:2025-08-21 17:27:24.398944 +0100 WEST RoomName:}" UserId=1 Username=mega22
time=2025-08-21T17:27:24.401+01:00 level=DEBUG msg="Validated event has valid user state" event="{Type:send Username:mega22 Action:send Content:this Timestamp:2025-08-21 17:27:24.398944 +0100 WEST RoomName:main}" UserId=1 Username=mega22
time=2025-08-21T17:27:25.761+01:00 level=DEBUG msg="Received network message" msg="{Type:send Username:mega22 Content:this Timestamp:2025-08-21 17:27:25.761146 +0100 WEST}"
time=2025-08-21T17:27:25.761+01:00 level=DEBUG msg="Validated a new event" event="{Type:send Username:mega22 Action:send Content:this Timestamp:2025-08-21 17:27:25.761146 +0100 WEST RoomName:}" UserId=1 Username=mega22
time=2025-08-21T17:27:25.761+01:00 level=DEBUG msg="Validated event has valid user state" event="{Type:send Username:mega22 Action:send Content:this Timestamp:2025-08-21 17:27:25.761146 +0100 WEST RoomName:main}" UserId=1 Username=mega22
time=2025-08-21T17:27:29.076+01:00 level=DEBUG msg="Received network message" msg="{Type:left Username:mega22 Content:/leave Timestamp:2025-08-21 17:27:29.07601 +0100 WEST}"
time=2025-08-21T17:27:29.076+01:00 level=DEBUG msg="Validated a new event" event="{Type:left Username:mega22 Action:left Content: Timestamp:2025-08-21 17:27:29.07601 +0100 WEST RoomName:}" UserId=1 Username=mega22
time=2025-08-21T17:27:29.076+01:00 level=DEBUG msg="Validated event has valid user state" event="{Type:left Username:mega22 Action:left Content: Timestamp:2025-08-21 17:27:29.07601 +0100 WEST RoomName:main}" UserId=1 Username=mega22
time=2025-08-21T17:27:30.843+01:00 level=DEBUG msg="Received network message" msg="{Type:send Username:mega22 Content:this Timestamp:2025-08-21 17:27:30.843367 +0100 WEST}"
time=2025-08-21T17:27:30.843+01:00 level=DEBUG msg="Validated a new event" event="{Type:send Username:mega22 Action:send Content:this Timestamp:2025-08-21 17:27:30.843367 +0100 WEST RoomName:}" UserId=1 Username=mega22
time=2025-08-21T17:27:30.843+01:00 level=DEBUG msg="Validated event has valid user state" event="{Type: Username: Action: Content: Timestamp:0001-01-01 00:00:00 +0000 UTC RoomName:}" UserId=1 Username=mega22
time=2025-08-21T17:27:30.844+01:00 level=DEBUG msg="Writting an error msg to conn:" msg="{Type:error Username:mega22 Content:User not in room, so can't send a message Timestamp:2025-08-21 17:27:30.843987 +0100 WEST m=+90.230169709}" UserID=1 username=mega22
time=2025-08-21T17:27:30.844+01:00 level=DEBUG msg="Room %v does not exist" !BADKEY=""
time=2025-08-21T17:27:33.973+01:00 level=DEBUG msg="Received network message" msg="{Type:joined Username:mega22 Content:/join thi Timestamp:2025-08-21 17:27:33.97332 +0100 WEST}"
time=2025-08-21T17:27:33.973+01:00 level=DEBUG msg="Validated a new event" event="{Type:joined Username:mega22 Action:joined Content:thi Timestamp:2025-08-21 17:27:33.97332 +0100 WEST RoomName:}" UserId=1 Username=mega22
time=2025-08-21T17:27:33.973+01:00 level=DEBUG msg="Validated event has valid user state" event="{Type: Username: Action: Content: Timestamp:0001-01-01 00:00:00 +0000 UTC RoomName:}" UserId=1 Username=mega22
time=2025-08-21T17:27:33.974+01:00 level=DEBUG msg="Writting an error msg to conn:" msg="{Type:error Username:mega22 Content:invalid room entered: thi Timestamp:2025-08-21 17:27:33.973982 +0100 WEST m=+93.360139209}" UserID=1 username=mega22
time=2025-08-21T17:27:33.974+01:00 level=DEBUG msg="Room %v does not exist" !BADKEY=""
time=2025-08-21T17:27:39.412+01:00 level=DEBUG msg="Received network message" msg="{Type:joined Username:mega2 Content:/join main Timestamp:2025-08-21 17:27:39.411695 +0100 WEST}"
time=2025-08-21T17:27:39.412+01:00 level=DEBUG msg="Validated a new event" event="{Type:joined Username:mega2 Action:joined Content:main Timestamp:2025-08-21 17:27:39.411695 +0100 WEST RoomName:}" UserId=2 Username=mega2
time=2025-08-21T17:27:39.412+01:00 level=DEBUG msg="Validated event has valid user state" event="{Type:joined Username:mega2 Action:joined Content:main Timestamp:2025-08-21 17:27:39.411695 +0100 WEST RoomName:main}" UserId=2 Username=mega2
time=2025-08-21T17:27:40.618+01:00 level=DEBUG msg="Received network message" msg="{Type:send Username:mega2 Content:this Timestamp:2025-08-21 17:27:40.617731 +0100 WEST}"
time=2025-08-21T17:27:40.618+01:00 level=DEBUG msg="Validated a new event" event="{Type:send Username:mega2 Action:send Content:this Timestamp:2025-08-21 17:27:40.617731 +0100 WEST RoomName:}" UserId=2 Username=mega2
time=2025-08-21T17:27:40.618+01:00 level=DEBUG msg="Validated event has valid user state" event="{Type:send Username:mega2 Action:send Content:this Timestamp:2025-08-21 17:27:40.617731 +0100 WEST RoomName:main}" UserId=2 Username=mega2
time=2025-08-21T17:27:43.356+01:00 level=DEBUG msg="Received network message" msg="{Type:joined Username:mega22 Content:/join main Timestamp:2025-08-21 17:27:43.35627 +0100 WEST}"
time=2025-08-21T17:27:43.356+01:00 level=DEBUG msg="Validated a new event" event="{Type:joined Username:mega22 Action:joined Content:main Timestamp:2025-08-21 17:27:43.35627 +0100 WEST RoomName:}" UserId=1 Username=mega22
time=2025-08-21T17:27:43.356+01:00 level=DEBUG msg="Validated event has valid user state" event="{Type:joined Username:mega22 Action:joined Content:main Timestamp:2025-08-21 17:27:43.35627 +0100 WEST RoomName:main}" UserId=1 Username=mega22
time=2025-08-21T17:27:43.356+01:00 level=DEBUG msg="Writting a valid msg to conn:" msg="{Type:joined Username:mega22 Content:mega22 joined Room main Timestamp:2025-08-21 17:27:43.35627 +0100 WEST}" UserID=2 username=mega2
time=2025-08-21T17:28:29.683+01:00 level=INFO msg="TCP listener started, waiting for connections..."
time=2025-08-21T17:28:44.983+01:00 level=DEBUG msg="Received network message" msg="{Type:send Username:mega2 Content:this Timestamp:2025-08-21 17:28:44.983164 +0100 WEST}"
time=2025-08-21T17:28:44.984+01:00 level=DEBUG msg="Validated a new event" event="{Type:send Username:mega2 Action:send Content:this Timestamp:2025-08-21 17:28:44.983164 +0100 WEST RoomName:}" UserId=1 Username=mega2
time=2025-08-21T17:28:44.984+01:00 level=DEBUG msg="Validated event has valid user state" event="{Type: Username: Action: Content: Timestamp:0001-01-01 00:00:00 +0000 UTC RoomName:}" UserId=1 Username=mega2
time=2025-08-21T17:28:44.984+01:00 level=DEBUG msg="Writting an error msg to conn:" msg="{Type:error Username:mega2 Content:User not in room, so can't send a message Timestamp:2025-08-21 17:28:44.984146 +0100 WEST m=+15.301184710}" UserID=1 username=mega2
time=2025-08-21T17:28:44.984+01:00 level=DEBUG msg="Room %v does not exist" !BADKEY=""
time=2025-08-21T17:28:50.852+01:00 level=DEBUG msg="Received network message" msg="{Type:joined Username:mega22 Content:/join main Timestamp:2025-08-21 17:28:50.851728 +0100 WEST}"
time=2025-08-21T17:28:50.852+01:00 level=DEBUG msg="Validated a new event" event="{Type:joined Username:mega22 Action:joined Content:main Timestamp:2025-08-21 17:28:50.851728 +0100 WEST RoomName:}" UserId=2 Username=mega22
time=2025-08-21T17:28:50.852+01:00 level=DEBUG msg="Validated event has valid user state" event="{Type:joined Username:mega22 Action:joined Content:main Timestamp:2025-08-21 17:28:50.851728 +0100 WEST RoomName:main}" UserId=2 Username=mega22
time=2025-08-21T17:28:54.950+01:00 level=DEBUG msg="Received network message" msg="{Type:joined Username:mega2 Content:/join main Timestamp:2025-08-21 17:28:54.949852 +0100 WEST}"
time=2025-08-21T17:28:54.951+01:00 level=DEBUG msg="Validated a new event" event="{Type:joined Username:mega2 Action:joined Content:main Timestamp:2025-08-21 17:28:54.949852 +0100 WEST RoomName:}" UserId=1 Username=mega2
time=2025-08-21T17:28:54.951+01:00 level=DEBUG msg="Validated event has valid user state" event="{Type:joined Username:mega2 Action:joined Content:main Timestamp:2025-08-21 17:28:54.949852 +0100 WEST RoomName:main}" UserId=1 Username=mega2
time=2025-08-21T17:28:54.952+01:00 level=DEBUG msg="Writting a valid msg to conn:" msg="{Type:joined Username:mega2 Content:mega2 joined Room main Timestamp:2025-08-21 17:28:54.949852 +0100 WEST}" UserID=2 username=mega22
time=2025-08-21T17:28:58.400+01:00 level=DEBUG msg="Received network message" msg="{Type:send Username:mega2 Content:this is the end Timestamp:2025-08-21 17:28:58.400106 +0100 WEST}"
time=2025-08-21T17:28:58.400+01:00 level=DEBUG msg="Validated a new event" event="{Type:send Username:mega2 Action:send Content:this is the end Timestamp:2025-08-21 17:28:58.400106 +0100 WEST RoomName:}" UserId=1 Username=mega2
time=2025-08-21T17:28:58.400+01:00 level=DEBUG msg="Validated event has valid user state" event="{Type:send Username:mega2 Action:send Content:this is the end Timestamp:2025-08-21 17:28:58.400106 +0100 WEST RoomName:main}" UserId=1 Username=mega2
time=2025-08-21T17:28:58.400+01:00 level=DEBUG msg="Writting a valid msg to conn:" msg="{Type:send Username:mega2 Content:this is the end Timestamp:2025-08-21 17:28:58.400106 +0100 WEST}" UserID=2 username=mega22
time=2025-08-21T17:29:00.458+01:00 level=DEBUG msg="Received network message" msg="{Type:left Username:mega2 Content:/leave Timestamp:2025-08-21 17:29:00.457681 +0100 WEST}"
time=2025-08-21T17:29:00.458+01:00 level=DEBUG msg="Validated a new event" event="{Type:left Username:mega2 Action:left Content: Timestamp:2025-08-21 17:29:00.457681 +0100 WEST RoomName:}" UserId=1 Username=mega2
time=2025-08-21T17:29:00.458+01:00 level=DEBUG msg="Validated event has valid user state" event="{Type:left Username:mega2 Action:left Content: Timestamp:2025-08-21 17:29:00.457681 +0100 WEST RoomName:main}" UserId=1 Username=mega2
time=2025-08-21T17:29:00.458+01:00 level=DEBUG msg="Writting a valid msg to conn:" msg="{Type:left Username:mega2 Content:mega2 left Room main Timestamp:2025-08-21 17:29:00.457681 +0100 WEST}" UserID=2 username=mega22
time=2025-08-21T17:29:02.779+01:00 level=DEBUG msg="Received network message" msg="{Type:send Username:mega2 Content:thihids Timestamp:2025-08-21 17:29:02.778898 +0100 WEST}"
time=2025-08-21T17:29:02.779+01:00 level=DEBUG msg="Validated a new event" event="{Type:send Username:mega2 Action:send Content:thihids Timestamp:2025-08-21 17:29:02.778898 +0100 WEST RoomName:}" UserId=1 Username=mega2
time=2025-08-21T17:29:02.779+01:00 level=DEBUG msg="Validated event has valid user state" event="{Type: Username: Action: Content: Timestamp:0001-01-01 00:00:00 +0000 UTC RoomName:}" UserId=1 Username=mega2
time=2025-08-21T17:29:02.779+01:00 level=DEBUG msg="Writting an error msg to conn:" msg="{Type:error Username:mega2 Content:User not in room, so can't send a message Timestamp:2025-08-21 17:29:02.779419 +0100 WEST m=+33.096308168}" UserID=1 username=mega2
time=2025-08-21T17:29:02.779+01:00 level=DEBUG msg="Room %v does not exist" !BADKEY=""
